== APIGatewayResource
ID "id"
Name "name"
State "state"
Type "type"
Stage "stage"
Endpoint "endpoint"
Tags "tags"
CostMonthly "cost_monthly"
== AthenaCatalog
Name "name"
Type "type"
== AthenaDatabase
Name "name"
Description "description,omitempty"
== AthenaWorkgroup
Name "name"
State "state"
Description "description,omitempty"
== AthenaColumn
Name "name"
Type "type"
== AthenaTable
Name "name"
Type "type"
Columns "columns"
PartitionKeys "partition_keys"
== AthenaQueryExecution
ID "id"
SQL "sql"
State "state"
StateReason "state_reason,omitempty"
SubmittedAt "submitted_at,omitempty"
CompletedAt "completed_at,omitempty"
ElapsedMs "elapsed_ms"
BytesScanned "bytes_scanned"
OutputLocation "output_location,omitempty"
Workgroup "workgroup,omitempty"
Catalog "catalog,omitempty"
Database "database,omitempty"
== AthenaResultColumn
Name "name"
Type "type"
== AthenaResultPage
Columns "columns"
Rows "rows"
NextToken "next_token,omitempty"
== CFNStackResource
ID "id"
Name "name"
State "state"
CreationTime "creation_time"
LastUpdatedTime "last_updated_time"
DriftStatus "drift_status"
Tags "tags"
== CFNStackDetail
StackName "stack_name"
Status "status"
DriftStatus "drift_status"
CreatedTime "created_time"
UpdatedTime "updated_time"
Description "description"
Parameters "parameters"
Outputs "outputs"
Tags "tags"
== CFNParameter
Key "key"
Value "value"
ResolvedValue "resolved_value"
== CFNOutput
Key "key"
Value "value"
ExportName "export_name"
Description "description"
== CFNStackEvent
Timestamp "timestamp"
LogicalResourceID "logical_resource_id"
ResourceType "resource_type"
ResourceStatus "resource_status"
ResourceStatusReason "resource_status_reason"
== CFNStackResourceSummary
LogicalResourceID "logical_resource_id"
PhysicalResourceID "physical_resource_id"
ResourceType "resource_type"
ResourceStatus "resource_status"
LastUpdatedTime "last_updated_time"
== CloudFrontResource
ID "id"
Name "name"
State "state"
DomainName "domain_name"
Aliases "aliases"
Origins "origins"
Behaviors "behaviors"
Enabled "enabled"
PriceClass "price_class"
CostMonthly "cost_monthly"
== CloudFrontBehavior
PathPattern "path_pattern"
TargetOriginID "target_origin_id"
ViewerProtocolPolicy "viewer_protocol_policy"
AllowedMethods "allowed_methods"
Compress "compress"
IsDefault "is_default"
== LogGroupInfo
Name "name"
ARN "arn"
StoredBytes "stored_bytes"
RetentionDays "retention_days"
CreationTime "creation_time"
== LogEventInfo
Timestamp "timestamp"
IngestionTime "ingestion_time"
Message "message"
LogGroup "log_group"
LogStream "log_stream"
EventID "event_id"
== LogEventPage
Events "events"
NextPageToken "next_page_token,omitempty"
== CostResource
TimePeriod "time_period"
Service "service"
UnblendedAmount "unblended_amount"
NetAmortizedAmount "net_amortized_amount"
Unit "unit"
== ForecastResource
TimePeriod "time_period"
Amount "amount"
Unit "unit"
== DynamoResource
ID "id"
Name "name"
State "state"
Mode "mode"
ItemCount "item_count"
SizeBytes "size_bytes"
GSICount "gsi_count"
Tags "tags"
TagsFetchFailed "tags_fetch_failed,omitempty"
CostMonthly "cost_monthly"
== DynamoKeyAttribute
Name "name"
Type "type"
== DynamoIndexSchema
Name "name"
PartitionKey "partition_key"
SortKey "sort_key,omitempty"
== DynamoTableSchema
TableName "table_name"
Table "table"
GSIs "gsis"
== EC2Resource
ID "id"
Name "name"
State "state"
InstanceType "instance_type"
AZ "az"
PrivateIP "private_ip"
PublicIP "public_ip"
VpcID "vpc_id"
Tags "tags"
CostMonthly "cost_monthly"
LaunchTime "launch_time"
== ECRRepoResource
ID "id"
Name "name"
State "state"
URI "uri"
CreatedAt "created_at"
ImageTagMutability "image_tag_mutability"
ScanOnPush "scan_on_push"
== ECRImageResource
RepositoryName "repository_name"
ImageTag "image_tag"
ImageDigest "image_digest"
PushedAt "pushed_at"
LastPulledAt "last_pulled_at"
ImageSizeBytes "image_size_bytes"
== ECSResource
ID "id"
Name "name"
State "state"
ActiveServices "active_services"
RunningTasks "running_tasks"
PendingTasks "pending_tasks"
RegisteredEC2 "registered_ec2"
Tags "tags"
CostMonthly "cost_monthly"
== ECSServiceResource
ARN "arn"
Name "name"
Status "status"
DesiredCount "desired_count"
RunningCount "running_count"
PendingCount "pending_count"
TaskDefinition "task_definition"
LaunchType "launch_type"
== ECSTaskResource
ARN "arn"
Group "group"
LastStatus "last_status"
DesiredStatus "desired_status"
LaunchType "launch_type"
EnableExecuteCommand "enable_execute_command"
ContainerNames "container_names"
CPU "cpu"
Memory "memory"
StartedAt "started_at"
StoppedAt "stopped_at"
StoppedReason "stopped_reason"
ContainerInstanceArn "container_instance_arn"
Containers "containers"
== ECSTaskContainerDetail
Name "name"
Image "image"
LastStatus "last_status"
HealthStatus "health_status"
ExitCode "exit_code,omitempty"
Reason "reason"
RuntimeID "runtime_id"
CPU "cpu"
Memory "memory"
MemoryReservation "memory_reservation"
ExecEnabled "exec_enabled"
== ECSContainerResource
Name "name"
RuntimeID "runtime_id"
LastStatus "last_status"
ExecEnabled "exec_enabled"
== ECSContainerInstanceResource
ARN "arn"
EC2InstanceID "ec2_instance_id"
Status "status"
AgentConnected "agent_connected"
RunningTasksCount "running_tasks_count"
PendingTasksCount "pending_tasks_count"
RegisteredCPU "registered_cpu"
RegisteredMemory "registered_memory"
RemainingCPU "remaining_cpu"
RemainingMemory "remaining_memory"
== ElastiCacheResource
ID "id"
Name "name"
State "state"
Engine "engine"
EngineVersion "engine_version"
NodeType "node_type"
NumNodes "num_nodes"
Endpoint "endpoint"
Port "port"
ParameterGroup "parameter_group"
ReplicationGroupID "replication_group_id"
NodeAvailabilityZones "node_availability_zones"
CostMonthly "cost_monthly"
== ElastiCacheParameter
Name "name"
Value "value"
AllowedValues "allowed_values"
ChangeType "change_type"
DataType "data_type"
Source "source"
IsModifiable "is_modifiable"
MinimumEngineVersion "minimum_engine_version"
Description "description"
== ELBResource
ID "id"
Name "name"
State "state"
Type "type"
Scheme "scheme"
DNSName "dns_name"
VpcID "vpc_id"
AZs "azs"
CostMonthly "cost_monthly"
== ELBListenerResource
ARN "arn"
LoadBalancerArn "load_balancer_arn"
Protocol "protocol"
Port "port"
DefaultActionType "default_action_type"
DefaultTargetGroupArn "default_target_group_arn"
== ELBRuleResource
ARN "arn"
Priority "priority"
IsDefault "is_default"
Conditions "conditions"
ActionType "action_type"
TargetGroupArn "target_group_arn"
== ELBTargetGroupResource
ARN "arn"
Name "name"
Protocol "protocol"
Port "port"
TargetType "target_type"
VpcID "vpc_id"
HealthCheckPath "health_check_path"
LoadBalancerArns "load_balancer_arns"
== ELBTargetHealthResource
TargetID "target_id"
Port "port"
AvailabilityZone "availability_zone"
State "state"
Reason "reason"
Description "description"
== IAMResource
ID "id"
Name "name"
State "state"
ARN "arn"
Kind "kind"
MFAEnabled "mfa_enabled"
MFAEnabledFetchFailed "mfa_enabled_fetch_failed,omitempty"
LastActivity "last_activity"
Groups "groups"
GroupsFetchFailed "groups_fetch_failed,omitempty"
Policies "policies"
PoliciesFetchFailed "policies_fetch_failed,omitempty"
== KinesisResource
ID "id"
Name "name"
State "state"
Mode "mode"
ShardCount "shard_count"
RetentionHours "retention_hours"
EncryptionType "encryption_type"
Tags "tags"
CostMonthly "cost_monthly"
== LambdaResource
ID "id"
Name "name"
State "state"
Runtime "runtime"
MemoryMB "memory_mb"
TimeoutSec "timeout_sec"
Handler "handler"
Role "role"
Tags "tags"
CostMonthly "cost_monthly"
== NATGatewayResource
ID "id"
Name "name"
State "state"
VpcID "vpc_id"
SubnetID "subnet_id"
ElasticIP "elastic_ip"
Tags "tags"
CostMonthly "cost_monthly"
LaunchTime "launch_time"
== PriceTable
Service "service"
Region "region"
FetchedAt "fetched_at"
LicenseUnresolved "license_unresolved"
Rates "rates"
== PriceRate
RateID "rate_id"
Model "model"
Group "group"
Label "label"
Attributes "attributes"
Term "term"
Unit "unit"
PriceUSD "price_usd"
UpfrontUSD "upfront_usd"
Currency "currency"
Operation "-"
== PriceTerm
Lease "lease"
OfferingClass "offering_class"
Payment "payment"
== RDSResource
ID "id"
Name "name"
State "state"
Engine "engine"
EngineVersion "engine_version"
Class "class"
MultiAZ "multi_az"
Endpoint "endpoint"
Port "port"
VpcID "vpc_id"
ParameterGroups "parameter_groups"
ClusterID "cluster_id"
Tags "tags"
CostMonthly "cost_monthly"
LaunchTime "launch_time"
== RDSParameter
Name "name"
Value "value"
AllowedValues "allowed_values"
ApplyType "apply_type"
DataType "data_type"
Source "source"
IsModifiable "is_modifiable"
Description "description"
== RDSClusterParameterGroup
GroupName "group_name"
Parameters "parameters"
== RegionResource
Code "code"
Name "name"
== S3Resource
ID "id"
Name "name"
State "state"
Region "region"
CreatedAt "created_at"
Public "public"
Encryption "encryption"
CostMonthly "cost_monthly"
== S3ObjectResource
Key "key"
Size "size"
LastModified "last_modified"
StorageClass "storage_class"
ETag "etag"
== SecretResource
ID "id"
Name "name"
State "state"
Description "description"
LastChanged "last_changed"
== SQSResource
ID "id"
Name "name"
State "state"
Type "type"
AvailableMessages "available_messages"
InFlight "in_flight"
RetentionDays "retention_days"
Tags "tags"
TagsFetchFailed "tags_fetch_failed,omitempty"
CostMonthly "cost_monthly"
== SSMParameterResource
ID "id"
Name "name"
State "state"
Type "type"
Tier "tier"
Version "version"
LastModified "last_modified"
== WAFResource
ID "id"
Name "name"
ARN "-"
State "state"
Scope "scope"
Description "description"
RuleCount "rule_count"
AssociatedCount "associated_count"
AssociatedCountFetchFailed "associated_count_fetch_failed,omitempty"
Tags "tags"
TagsFetchFailed "tags_fetch_failed,omitempty"
CostMonthly "cost_monthly"
== WAFRule
Name "name"
Priority "priority"
Action "action"
Statement "statement"
RuleJSON "rule_json"
== ValueResponse
Value "value"
